<?xml version="1.0" encoding="utf-8"?><testsuites><testsuite name="pytest" errors="0" failures="0" skipped="0" tests="2" time="4.618" timestamp="2021-11-29T17:24:26.031278" hostname="Squorgo-PC"><testcase classname="tests.test_challenging_dom.Test_Challenging_Dom" name="test_challengin_dom" time="2.295" /><testcase classname="tests.test_internet_heroku_app.Test_Internet_Heroku_App" name="test_challenging_dom" time="2.171" /></testsuite></testsuites>